// Jest Snapshot v1, https://goo.gl/fbAQLP

exports[`Input renders correctly 1`] = `[Function]`;

exports[`Input should render whit mask 1`] = `ShallowWrapper {}`;

exports[`Input should render whit props 1`] = `ShallowWrapper {}`;
